"cd-rlt"
"Time Step" "cd etc.."
("Time Step" "cd" "flow-time")
1 3.487758091967321 0.001876699652423726
2 0.9105051031912091 0.003753399304847452
3 -0.07647037955968786 0.005630098957271178
4 -0.1577121642417235 0.007506798609694904
5 -0.01742287089691087 0.009383498262118629
6 0.07235200928494669 0.01126019791454235
7 0.09100521335381967 0.01313689756696608
8 0.07949992148074293 0.0150135972193898
9 0.06576281917385497 0.01689029687181353
10 0.05843173417047993 0.01876699652423726
11 0.05662555485837438 0.02064369617666098
12 0.05718529844735636 0.02252039582908471
13 0.0579034427900225 0.02439709548150843
14 0.05807129644949889 0.02627379513393216
15 0.05788880181701335 0.02815049478635588
16 0.05772218337102886 0.03002719443877961
17 0.05776952586823022 0.03190389409120333
18 0.05801901808562231 0.03378059374362706
19 0.05839814558519037 0.03565729339605079
20 0.05885820495650432 0.03753399304847452
21 0.05937452858761071 0.03941069270089825
22 0.05995003982783501 0.04128739235332197
23 0.06056349341894866 0.0431640920057457
24 0.06121740100904631 0.04504079165816943
25 0.06189758677248224 0.04691749131059316
26 0.06260592244569527 0.04879419096301689
27 0.0633401639844777 0.05067089061544062
28 0.06408492529455975 0.05254759026786435
29 0.06483948270191249 0.05442428992028808
30 0.06559250060415707 0.0563009895727118
31 0.06633922530034456 0.05817768922513553
32 0.06709861685907527 0.06005438887755926
33 0.06785696952755603 0.06193108852998299
34 0.06861219781179131 0.06380778818240672
35 0.06936275351519697 0.06568448783483044
36 0.07010397739221261 0.06756118748725416
37 0.07082843847090298 0.06943788713967788
38 0.0715432328692216 0.07131458679210161
39 0.07225113242834283 0.07319128644452533
40 0.07294538701256743 0.07506798609694905
41 0.07362781154573458 0.07694468574937277
42 0.07429476619078536 0.07882138540179649
43 0.07495895387181412 0.08069808505422021
44 0.07565058955015309 0.08257478470664394
45 0.07637047596616471 0.08445148435906766
46 0.07712629643709924 0.08632818401149138
47 0.07791043787950197 0.0882048836639151
48 0.07871107149829724 0.09008158331633882
49 0.07951221581887449 0.09195828296876254
50 0.08031126131069036 0.09383498262118627
51 0.08110393705658674 0.09571168227360999
52 0.08188404539135609 0.09758838192603371
53 0.08264877066077177 0.09946508157845743
54 0.08338738831473418 0.1013417812308812
55 0.08406902093975173 0.1032184808833049
56 0.08466797651146504 0.1050951805357286
57 0.08513806163277939 0.1069718801881523
58 0.08546001056467695 0.108848579840576
59 0.08565044452655193 0.1107252794929998
60 0.08574733791581646 0.1126019791454235
61 0.08583629870762048 0.1144786787978472
62 0.08599239823427511 0.1163553784502709
63 0.08628213320884916 0.1182320781026946
64 0.08672517875217077 0.1201087777551184
65 0.08733009174220564 0.1219854774075421
66 0.08809051337185325 0.1238621770599658
67 0.08896313655760582 0.1257388767123895
68 0.08988236199056303 0.1276155763648133
69 0.09074485984798066 0.129492276017237
70 0.09142794587427042 0.1313689756696607
71 0.09183394891665762 0.1332456753220845
72 0.09192636617411534 0.1351223749745082
73 0.09175799471081032 0.1369990746269319
74 0.09146147021757853 0.1388757742793557
75 0.09115876976246767 0.1407524739317794
76 0.09095577789655425 0.1426291735842032
77 0.09090448450011994 0.1445058732366269
78 0.09100122072712549 0.1463825728890506
79 0.09122014596592345 0.1482592725414744
80 0.09150804404151838 0.1501359721938981
81 0.0918089267209066 0.1520126718463218
82 0.09208668390268533 0.1538893714987456
83 0.09229813915866875 0.1557660711511693
84 0.09242808985071946 0.157642770803593
85 0.09247143319995905 0.1595194704560168
86 0.0924418503363706 0.1613961701084405
87 0.09236417094474994 0.1632728697608642
88 0.09226368564379796 0.165149569413288
89 0.09216499953041844 0.1670262690657117
90 0.09206480245483915 0.1689029687181355
91 0.0919731164279303 0.1707796683705592
92 0.09190484165865731 0.1726563680229829
93 0.09188834891643446 0.1745330676754067
94 0.09194305954657057 0.1764097673278304
95 0.09209207135476805 0.1782864669802541
96 0.0923137144673374 0.1801631666326779
97 0.09255928999220631 0.1820398662851016
98 0.09276558800227402 0.1839165659375253
99 0.0929029443554277 0.1857932655899491
100 0.09295560698529781 0.1876699652423728
101 0.09292889539593391 0.1895466648947965
102 0.09281009463702547 0.1914233645472203
103 0.09262331242514975 0.193300064199644
104 0.09236171517564386 0.1951767638520678
105 0.09205086912168446 0.1970534635044915
106 0.09171633838300587 0.1989301631569152
107 0.09135023159288938 0.200806862809339
108 0.09094171391096405 0.2026835624617627
109 0.09049924558531328 0.2045602621141864
110 0.09002705704973685 0.2064369617666102
111 0.08952992506305608 0.2083136614190339
112 0.08902180366225358 0.2101903610714576
113 0.08849853072678569 0.2120670607238814
114 0.08795837291899887 0.2139437603763051
115 0.08739024349313275 0.2158204600287288
116 0.08679637183318149 0.2176971596811526
117 0.08620911679992323 0.2195738593335763
118 0.08564626222444945 0.2214505589860001
119 0.08507968169492997 0.2233272586384238
120 0.08448934511332222 0.2252039582908475
121 0.08386751379378461 0.2270806579432713
122 0.08319582971540392 0.228957357595695
123 0.0825003297752025 0.2308340572481187
124 0.0817864093696231 0.2327107569005425
125 0.08107599121291743 0.2345874565529662
126 0.08036095859643616 0.2364641562053899
127 0.07964466113375661 0.2383408558578137
128 0.07891432774902589 0.2402175555102374
129 0.07817548884668814 0.2420942551626611
130 0.07744286780551218 0.2439709548150849
131 0.07671310237839783 0.2458476544675086
132 0.07598164303922963 0.2477243541199323
133 0.07524639138129184 0.2496010537723561
134 0.07450187396786868 0.2514777534247798
135 0.07374159998863851 0.2533544530772035
136 0.07297694429579134 0.2552311527296272
137 0.07221094358489219 0.2571078523820509
138 0.07147408336787234 0.2589845520344746
139 0.07076105247785898 0.2608612516868983
140 0.07005155132411918 0.262737951339322
141 0.0693339958080751 0.2646146509917457
142 0.06859815350745864 0.2664913506441695
143 0.06785849780871475 0.2683680502965932
144 0.06713080281276838 0.2702447499490169
145 0.06640681338019506 0.2721214496014406
146 0.06567940085703761 0.2739981492538643
147 0.06494132863592786 0.275874848906288
148 0.06418901830848829 0.2777515485587117
149 0.06342064971178182 0.2796282482111354
150 0.06262824693974799 0.2815049478635591
151 0.06183802381595083 0.2833816475159828
152 0.06104272655824315 0.2852583471684065
153 0.06023829644172776 0.2871350468208302
154 0.05939921582602246 0.2890117464732539
155 0.05852113126942125 0.2908884461256777
156 0.05763418828969899 0.2927651457781014
157 0.05673911176802816 0.2946418454305251
158 0.05581909449096474 0.2965185450829488
159 0.05487263111822195 0.2983952447353725
160 0.05389546299019017 0.3002719443877962
161 0.05289961020016611 0.3021486440402199
162 0.05189805625970072 0.3040253436926436
163 0.05090942354101691 0.3059020433450673
164 0.0499372852800524 0.307778742997491
165 0.04896894007830806 0.3096554426499147
166 0.04799399067948477 0.3115321423023384
167 0.04700907949144283 0.3134088419547622
168 0.0460401639544898 0.3152855416071859
169 0.04509021120862163 0.3171622412596096
170 0.04414218958068637 0.3190389409120333
171 0.04318052056579986 0.320915640564457
172 0.0422036902835654 0.3227923402168807
173 0.04121471071897126 0.3246690398693044
174 0.04024438541618638 0.3265457395217281
175 0.03931272392592099 0.3284224391741518
176 0.0383945408711709 0.3302991388265755
177 0.0374676827279662 0.3321758384789992
178 0.03652049863875269 0.3340525381314229
179 0.03555718265876254 0.3359292377838466
180 0.03459334600210454 0.3378059374362704
181 0.03363779965448051 0.3396826370886941
182 0.03269665208415917 0.3415593367411178
183 0.03173850277780041 0.3434360363935415
184 0.03075227082859561 0.3453127360459652
185 0.0297677911036212 0.3471894356983889
186 0.02884490886451391 0.3490661353508126
187 0.02795825861398573 0.3509428350032363
188 0.0270733943166897 0.35281953465566
189 0.02616646612710321 0.3546962343080837
190 0.02521265782747073 0.3565729339605074
191 0.02421526496449308 0.3584496336129311
192 0.02322772468107939 0.3603263332653548
193 0.0223252608873577 0.3622030329177786
194 0.02150504123214601 0.3640797325702023
195 0.02072354655850539 0.365956432222626
196 0.01987978599857614 0.3678331318750497
197 0.01895375569086655 0.3697098315274734
198 0.01797368232845753 0.3715865311798971
199 0.01701546444912718 0.3734632308323208
200 0.01615909177923487 0.3753399304847445
201 0.01534679178957379 0.3772166301371682
202 0.01454388406303665 0.3790933297895919
203 0.01370719667940752 0.3809700294420156
204 0.0127998144004095 0.3828467290944393
205 0.01184008700306642 0.384723428746863
206 0.01087320732656412 0.3866001283992868
207 0.009861756349497326 0.3884768280517105
208 0.008833635909036556 0.3903535277041342
209 0.007882744166789047 0.3922302273565579
210 0.006941935421307777 0.3941069270089816
211 0.00602581275028441 0.3959836266614053
212 0.005114377101260088 0.397860326313829
213 0.004216169680844259 0.3997370259662527
214 0.003284802760540819 0.4016137256186764
215 0.002384341608909022 0.4034904252711001
216 0.001423907881978084 0.4053671249235238
217 0.0005207696751332096 0.4072438245759475
218 -0.0003983789124676241 0.4091205242283713
219 -0.001294969306412864 0.410997223880795
220 -0.002151376245306699 0.4128739235332187
221 -0.003004189823591412 0.4147506231856424
222 -0.003845473063381798 0.4166273228380661
223 -0.004656882437803199 0.4185040224904898
224 -0.005492019756455528 0.4203807221429135
225 -0.006293744740411585 0.4222574217953372
226 -0.007119788206561265 0.4241341214477609
227 -0.007877436306029226 0.4260108211001846
228 -0.008679013139697883 0.4278875207526083
229 -0.009446844281513272 0.429764220405032
230 -0.01020166397251121 0.4316409200574557
231 -0.01095363369504823 0.4335176197098795
232 -0.01168712731874378 0.4353943193623032
233 -0.01237988604396546 0.4372710190147269
234 -0.01309513343348248 0.4391477186671506
235 -0.01378170371427315 0.4410244183195743
236 -0.01447785843627564 0.442901117971998
237 -0.015143829682591 0.4447778176244217
238 -0.01582486579038319 0.4466545172768454
239 -0.01646554595725824 0.4485312169292691
240 -0.01711674909149447 0.4504079165816928
241 -0.0177213981739202 0.4522846162341165
242 -0.01832187983867845 0.4541613158865402
243 -0.01890153682347554 0.4560380155389639
244 -0.01944555538529995 0.4579147151913877
245 -0.01998206396357835 0.4597914148438114
246 -0.02050190926621585 0.4616681144962351
247 -0.02098583150219657 0.4635448141486588
248 -0.02143800141329258 0.4654215138010825
249 -0.0218674160372111 0.4672982134535062
250 -0.02227850107049533 0.4691749131059299
251 -0.02266247353762443 0.4710516127583536
252 -0.02301646412883823 0.4729283124107773
253 -0.02334272811579715 0.474805012063201
254 -0.02364629850945643 0.4766817117156247
255 -0.02393096280579609 0.4785584113680484
256 -0.02417970094913471 0.4804351110204721
257 -0.02440949425607083 0.4823118106728959
258 -0.0246110132503716 0.4841885103253196
259 -0.02477887553144085 0.4860652099777433
260 -0.02491578397911553 0.487941909630167
261 -0.02502712414629623 0.4898186092825907
262 -0.02511240842994742 0.4916953089350144
263 -0.02516751903569032 0.4935720085874381
264 -0.02519940128859766 0.4954487082398618
265 -0.02519863243571208 0.4973254078922855
266 -0.02515159450122583 0.4992021075447092
267 -0.02506374863939597 0.5010788071971329
268 -0.02493581454251575 0.5029555068495567
269 -0.02475552837906081 0.5048322065019805
270 -0.02451606745737119 0.5067089061544042
271 -0.02420975994428812 0.508585605806828
272 -0.02385115849246396 0.5104623054592518
273 -0.02343961571194889 0.5123390051116755
274 -0.02297129055579279 0.5142157047640993
275 -0.02245209784476297 0.516092404416523
276 -0.02188238180993858 0.5179691040689468
277 -0.0212629441951474 0.5198458037213706
278 -0.02059745797605311 0.5217225033737943
279 -0.0198932617755478 0.5235992030262181
280 -0.01915875113774851 0.5254759026786419
281 -0.01839739686468907 0.5273526023310656
282 -0.01761702445455885 0.5292293019834894
283 -0.01681770558538452 0.5311060016359131
284 -0.01600140949610913 0.5329827012883369
285 -0.01517474404960013 0.5348594009407607
286 -0.01434702494207634 0.5367361005931844
287 -0.01352189930404811 0.5386128002456082
288 -0.01270408681105331 0.540489499898032
289 -0.01189329839305214 0.5423661995504557
290 -0.01108966297990639 0.5442428992028795
291 -0.01028962214445455 0.5461195988553033
292 -0.009498901539335153 0.547996298507727
293 -0.008719290658462756 0.5498729981601508
294 -0.007952246723896354 0.5517496978125745
295 -0.007193196226837696 0.5536263974649983
296 -0.006444263173058684 0.5555030971174221
297 -0.005707500703376138 0.5573797967698458
298 -0.004984795969036762 0.5592564964222696
299 -0.004270054544252712 0.5611331960746934
300 -0.003561720030929128 0.5630098957271171
301 -0.00286239393093514 0.5648865953795409
302 -0.002169188380923769 0.5667632950319647
303 -0.001479379530937043 0.5686399946843884
304 -0.0007991598413031123 0.5705166943368122
305 -0.0001235593714414544 0.5723933939892359
306 0.0005509867674490593 0.5742700936416597
307 0.001227273944780374 0.5761467932940835
308 0.001908395645373359 0.5780234929465072
309 0.002589233174673533 0.579900192598931
310 0.003269425570360812 0.5817768922513548
311 0.00395139824997909 0.5836535919037785
312 0.00463936791135991 0.5855302915562023
313 0.005319811800940983 0.5874069912086261
314 0.005997779375701359 0.5892836908610498
315 0.006698304353212264 0.5911603905134736
316 0.007413205490466979 0.5930370901658973
317 0.008149735563482263 0.5949137898183211
318 0.008892457408116936 0.5967904894707449
319 0.009636958057066845 0.5986671891231686
320 0.01039006410516612 0.6005438887755924
321 0.01115241833847727 0.6024205884280162
322 0.0119234210621026 0.6042972880804399
323 0.0127012444299988 0.6061739877328637
324 0.01348090559687756 0.6080506873852874
325 0.01426544541330015 0.6099273870377112
326 0.01504693158456991 0.611804086690135
327 0.01582579938440208 0.6136807863425587
328 0.01660555659446738 0.6155574859949825
329 0.0173855783316827 0.6174341856474063
330 0.01816508006341855 0.61931088529983
331 0.01894129440750508 0.6211875849522538
332 0.01971419847423148 0.6230642846046776
333 0.02048465451322588 0.6249409842571013
334 0.02125446269001487 0.6268176839095251
335 0.02202558915602678 0.6286943835619488
336 0.02279999161518917 0.6305710832143726
337 0.02357384987574402 0.6324477828667964
338 0.02433663910920651 0.6343244825192201
339 0.02508300678823817 0.6362011821716439
340 0.02581272984323716 0.6380778818240677
341 0.02653123875963814 0.6399545814764914
342 0.02723895477024994 0.6418312811289152
343 0.02793471364139128 0.643707980781339
344 0.02861222014199298 0.6455846804337627
345 0.02926279888368955 0.6474613800861865
346 0.0298825990739567 0.6493380797386102
347 0.03046940302104009 0.651214779391034
348 0.03102486572161962 0.6530914790434578
349 0.03156274493910797 0.6549681786958815
350 0.03208817993992406 0.6568448783483053
351 0.03259689882546424 0.6587215780007291
352 0.03308064732378334 0.6605982776531528
353 0.03353583686407251 0.6624749773055766
354 0.03395706686710175 0.6643516769580003
355 0.03434214264844831 0.6662283766104241
356 0.0347019828741131 0.6681050762628479
357 0.03504283857328836 0.6699817759152716
358 0.03537978775830278 0.6718584755676954
359 0.03571354642522315 0.6737351752201192
360 0.03604541094135298 0.6756118748725429
361 0.03636542309877789 0.6774885745249667
362 0.03666514296618854 0.6793652741773905
363 0.03695984296067475 0.6812419738298142
364 0.03724825087235126 0.683118673482238
365 0.03753723885154281 0.6849953731346617
366 0.03782614161919288 0.6868720727870855
367 0.03811098678232016 0.6887487724395093
368 0.03838996140725371 0.690625472091933
369 0.03866377229227678 0.6925021717443568
370 0.03892700970629403 0.6943788713967806
371 0.03917496251033785 0.6962555710492043
372 0.03939775989568167 0.6981322707016281
373 0.03959940735852612 0.7000089703540519
374 0.0397844323653861 0.7018856700064756
375 0.03995717282614755 0.7037623696588994
376 0.0401195338986267 0.7056390693113231
377 0.04027179182873687 0.7075157689637469
378 0.0404112703805258 0.7093924686161707
379 0.0405311159388444 0.7112691682685944
380 0.04063462694599035 0.7131458679210182
381 0.04072721025548771 0.715022567573442
382 0.04080798451464767 0.7168992672258657
383 0.04087713111675624 0.7187759668782895
384 0.04092652483446281 0.7206526665307132
385 0.04095097712217063 0.722529366183137
386 0.04095043412672633 0.7244060658355608
387 0.04092827813151191 0.7262827654879845
388 0.04088787278011154 0.7281594651404083
389 0.04082590611491913 0.7300361647928321
390 0.040744482177633 0.7319128644452558
391 0.04063483392407416 0.7337895640976796
392 0.04050295894742548 0.7356662637501034
393 0.0403448896802927 0.7375429634025271
394 0.04015939813621677 0.7394196630549509
395 0.03995586436147732 0.7412963627073746
396 0.03974164942648408 0.7431730623597984
397 0.03952405319245227 0.7450497620122222
398 0.03929491111724993 0.7469264616646459
399 0.03905086577693359 0.7488031613170697
400 0.03879049088550113 0.7506798609694935
401 0.03850020242203196 0.7525565606219172
402 0.03820850321996729 0.754433260274341
403 0.03790878451687741 0.7563099599267648
404 0.03761698296801357 0.7581866595791885
405 0.03732543861410134 0.7600633592316123
406 0.03702502882592048 0.761940058884036
407 0.03671069795899112 0.7638167585364598
408 0.03638960705138055 0.7656934581888836
409 0.03606369564815468 0.7675701578413073
410 0.03573721693182564 0.7694468574937311
411 0.03540891726189899 0.7713235571461549
412 0.03507518180354514 0.7732002567985786
413 0.03473367048794192 0.7750769564510024
414 0.03438352411569032 0.7769536561034261
415 0.03403352008827884 0.7788303557558499
416 0.03368433104594257 0.7807070554082737
417 0.03333473529817801 0.7825837550606974
418 0.03297844362583043 0.7844604547131212
419 0.03261429712301955 0.786337154365545
420 0.03224648302369514 0.7882138540179687
421 0.03187792517184813 0.7900905536703925
422 0.03150661403443862 0.7919672533228163
423 0.03113537900860456 0.79384395297524
424 0.0307588804105711 0.7957206526276638
425 0.0303782384977293 0.7975973522800875
426 0.02999394059938341 0.7994740519325113
427 0.02960479155033206 0.8013507515849351
428 0.02920718028561056 0.8032274512373588
429 0.02879656626881929 0.8051041508897826
430 0.02837303882286208 0.8069808505422064
431 0.02793843039731412 0.8088575501946301
432 0.02749350480686778 0.8107342498470539
433 0.02703825740742045 0.8126109494994777
434 0.02657386802956041 0.8144876491519014
435 0.02610310844128561 0.8163643488043252
436 0.02561448718521691 0.8182410484567489
437 0.02510286637220344 0.8201177481091727
438 0.02459826138339851 0.8219944477615965
439 0.02409265978135834 0.8238711474140202
440 0.02358860433351236 0.825747847066444
441 0.02310209293821628 0.8276245467188678
442 0.02263198985521714 0.8295012463712915
443 0.02219018305286212 0.8313779460237153
444 0.02177266077001132 0.833254645676139
445 0.02137020357268345 0.8351313453285628
446 0.02097719506564201 0.8370080449809866
447 0.02060369095960097 0.8388847446334103
448 0.02024702697390562 0.8407614442858341
449 0.01990228512602479 0.8426381439382579
450 0.01956551169994748 0.8445148435906816
451 0.01922980900398879 0.8463915432431054
452 0.01889094611136647 0.8482682428955292
453 0.0185479733418342 0.8501449425479529
454 0.01820213059556029 0.8520216422003767
455 0.01785875213395196 0.8538983418528004
456 0.0175221269753126 0.8557750415052242
457 0.01719495483094819 0.857651741157648
458 0.01687432506984409 0.8595284408100717
459 0.01656248947603515 0.8614051404624955
460 0.01625592454031679 0.8632818401149193
461 0.01595573118359972 0.865158539767343
462 0.01566640322997382 0.8670352394197668
463 0.0153850804498878 0.8689119390721906
464 0.01510941972326489 0.8707886387246143
465 0.01484600604836534 0.8726653383770381
466 0.01457796180382049 0.8745420380294618
467 0.01432799464652801 0.8764187376818856
468 0.01410052635191358 0.8782954373343094
469 0.01388191412451285 0.8801721369867331
470 0.01366930886765925 0.8820488366391569
471 0.01347251060773455 0.8839255362915807
472 0.01329238158518605 0.8858022359440044
473 0.01313334730860422 0.8876789355964282
474 0.01299440063041749 0.889555635248852
475 0.01286701884463881 0.8914323349012757
476 0.01274688436035924 0.8933090345536995
477 0.01264024292853802 0.8951857342061232
478 0.01255075526617685 0.897062433858547
479 0.01247649632520043 0.8989391335109708
480 0.01241771898202869 0.9008158331633945
481 0.0123731843438102 0.9026925328158183
482 0.01234372988763591 0.9045692324682421
483 0.01232913714520837 0.9064459321206658
484 0.01232576351309489 0.9083226317730896
485 0.01233757901844776 0.9101993314255133
486 0.01236618789498876 0.9120760310779371
487 0.01240991224679235 0.9139527307303609
488 0.01247088503535659 0.9158294303827846
489 0.01254300563969531 0.9177061300352084
490 0.01262498033052646 0.9195828296876322
491 0.01271698404169549 0.9214595293400559
492 0.01281670138872726 0.9233362289924797
493 0.0129323861420294 0.9252129286449035
494 0.01306903549512531 0.9270896282973272
495 0.01322909932051569 0.928966327949751
496 0.01341745007648499 0.9308430276021747
497 0.01363308779720867 0.9327197272545985
498 0.01385730041614908 0.9345964269070223
499 0.0140958875396213 0.936473126559446
500 0.01432605097077639 0.9383498262118698
501 0.01455691720376174 0.9402265258642936
502 0.01479134777728524 0.9421032255167173
503 0.01504308733645742 0.9439799251691411
504 0.0153214098242709 0.9458566248215649
505 0.01561349973337764 0.9477333244739886
506 0.01592796979955928 0.9496100241264124
507 0.01626399570810496 0.9514867237788361
508 0.01661837964609299 0.9533634234312599
509 0.01700347501958106 0.9552401230836837
510 0.01742093208345889 0.9571168227361074
511 0.0178623135864671 0.9589935223885312
512 0.01832210969948753 0.960870222040955
513 0.01879758012457336 0.9627469216933787
514 0.01929132715947118 0.9646236213458025
515 0.01980026695371736 0.9665003209982262
516 0.02032571547198771 0.96837702065065
517 0.02086187460574486 0.9702537203030738
518 0.02141369109500257 0.9721304199554975
519 0.02198366075348713 0.9740071196079213
520 0.02256431297739124 0.9758838192603451
521 0.02316251735500082 0.9777605189127688
522 0.02377591575525745 0.9796372185651926
523 0.0244073042655155 0.9815139182176164
524 0.02505234651394408 0.9833906178700401
525 0.02571257505986081 0.9852673175224639
526 0.02634154063239074 0.9871440171748876
527 0.02696713994265107 0.9890207168273114
528 0.02759638593515663 0.9908974164797352
529 0.0282598687540544 0.9927741161321589
530 0.02895604370865789 0.9946508157845827
531 0.02965805516321656 0.9965275154370065
532 0.03035723324156138 0.9984042150894302
533 0.03105704818617762 1.000280914741854
534 0.03176424642860001 1.002157614394278
535 0.03247902045722763 1.004034314046701
536 0.03320644300626104 1.005911013699125
537 0.03395253070330186 1.007787713351549
538 0.03471408610166508 1.009664413003973
539 0.03549276838327773 1.011541112656396
540 0.03628766139733452 1.01341781230882
541 0.03709968038243665 1.015294511961244
542 0.03791643515275528 1.017171211613668
543 0.03874028292329124 1.019047911266092
544 0.03956410046621673 1.020924610918515
545 0.04039398658854652 1.022801310570939
546 0.04122475825991366 1.024678010223363
547 0.04206637065587146 1.026554709875787
548 0.04290697546298484 1.02843140952821
549 0.04372922941207353 1.030308109180634
550 0.04456220731911167 1.032184808833058
551 0.04541592918575668 1.034061508485482
552 0.04627856253546972 1.035938208137905
553 0.04713729322011129 1.037814907790329
554 0.04798654298808066 1.039691607442753
555 0.04883185666897199 1.041568307095177
556 0.04967665433288052 1.0434450067476
557 0.05052224425303167 1.045321706400024
558 0.05137607072703994 1.047198406052448
559 0.05223247637231891 1.049075105704872
560 0.05308959178808446 1.050951805357295
561 0.05395031016136219 1.052828505009719
562 0.05481271624210613 1.054705204662143
563 0.05567185458336978 1.056581904314567
564 0.05652833478102387 1.058458603966991
565 0.05738312030524057 1.060335303619414
566 0.05822801282050329 1.062212003271838
567 0.05906917721673328 1.064088702924262
568 0.0599116672832055 1.065965402576686
569 0.06075554162642003 1.067842102229109
570 0.0615850346800021 1.069718801881533
571 0.06241263928282072 1.071595501533957
572 0.06322714192515531 1.073472201186381
573 0.0640335736548097 1.075348900838804
574 0.06483187867560741 1.077225600491228
575 0.0656217018482993 1.079102300143652
576 0.06640520479378176 1.080978999796076
577 0.06717730637739859 1.082855699448499
578 0.0679434012898483 1.084732399100923
579 0.06871079009020814 1.086609098753347
580 0.06947311316997359 1.088485798405771
581 0.07024219237268622 1.090362498058195
582 0.07100551355176231 1.092239197710618
583 0.07176223021820249 1.094115897363042
584 0.07250761021279702 1.095992597015466
585 0.07325078223100065 1.09786929666789
586 0.07400242525932443 1.099745996320313
587 0.07474676004850227 1.101622695972737
588 0.07546027675154565 1.103499395625161
589 0.07616464584213206 1.105376095277585
590 0.07686905144872612 1.107252794930008
591 0.07756812544180176 1.109129494582432
592 0.07826161432341852 1.111006194234856
593 0.07894848089209847 1.11288289388728
594 0.07959006235920688 1.114759593539703
595 0.08020023451535321 1.116636293192127
596 0.08079468623240188 1.118512992844551
597 0.08137197171039426 1.120389692496975
598 0.08192218770385193 1.122266392149398
599 0.08245848378736166 1.124143091801822
600 0.08298076392851179 1.126019791454246
601 0.08347719147403912 1.12789649110667
602 0.08395540907295414 1.129773190759094
603 0.08441983706237327 1.131649890411517
604 0.08487055982969685 1.133526590063941
605 0.08531096983520965 1.135403289716365
606 0.08573606882713317 1.137279989368789
607 0.08614485823474143 1.139156689021212
608 0.08653187601419121 1.141033388673636
609 0.08689424687939959 1.14291008832606
610 0.08724649730399459 1.144786787978484
611 0.08759643708062453 1.146663487630907
612 0.08793059032317034 1.148540187283331
613 0.08825166948455436 1.150416886935755
614 0.088542457123928 1.152293586588179
615 0.08882233903175508 1.154170286240602
616 0.08908289034532835 1.156046985893026
617 0.08932134077756851 1.15792368554545
618 0.08953881276043309 1.159800385197874
619 0.08972907470740651 1.161677084850298
620 0.08989705217281459 1.163553784502721
621 0.09004265004544278 1.165430484155145
622 0.09017167262835359 1.167307183807569
623 0.09026305240120754 1.169183883459993
624 0.09031760087772549 1.171060583112416
625 0.09035324406932543 1.17293728276484
626 0.09037486270332871 1.174813982417264
627 0.09038126933648709 1.176690682069688
628 0.09037418072693516 1.178567381722111
629 0.09035332707620174 1.180444081374535
630 0.0903302193824127 1.182320781026959
631 0.09029101381334653 1.184197480679383
632 0.09022377357593267 1.186074180331806
633 0.09012665859695849 1.18795087998423
634 0.09001738933882075 1.189827579636654
635 0.08990449931693573 1.191704279289078
636 0.08978708442710262 1.193580978941502
637 0.08965927577437087 1.195457678593925
638 0.08951630778085404 1.197334378246349
639 0.08936688156281376 1.199211077898773
640 0.08918910684512811 1.201087777551197
641 0.08898754002715994 1.20296447720362
642 0.08877176661192243 1.204841176856044
643 0.0885450038326898 1.206717876508468
644 0.08829704270127285 1.208594576160892
645 0.08805369645437976 1.210471275813315
646 0.08787133716109452 1.212347975465739
647 0.0877116489672289 1.214224675118163
648 0.08754743568477272 1.216101374770587
649 0.0873539895712012 1.21797807442301
650 0.08712274698305454 1.219854774075434
651 0.08683293103445758 1.221731473727858
652 0.08651396456491293 1.223608173380282
653 0.08619951691889233 1.225484873032705
654 0.08591980523591257 1.227361572685129
655 0.08552443176298209 1.229238272337553
656 0.08503774313688171 1.231114971989977
657 0.08467867056709856 1.232991671642401
658 0.08447856390322435 1.234868371294824
659 0.0843340270609936 1.236745070947248
660 0.08421641160333652 1.238621770599672
661 0.08422883249795252 1.240498470252096
662 0.08412187363311843 1.242375169904519
663 0.08382749853798215 1.244251869556943
664 0.083037953725574 1.246128569209367
665 0.08198353263481645 1.248005268861791
666 0.08072705596121091 1.249881968514214
667 0.07965652691177366 1.251758668166638
668 0.07879474829468854 1.253635367819062
669 0.07801254211832417 1.255512067471486
670 0.07739288198661126 1.257388767123909
671 0.07663708078802262 1.259265466776333
672 0.07595981131101766 1.261142166428757
673 0.07525268349811844 1.263018866081181
674 0.07458038809447479 1.264895565733605
675 0.07399677267145643 1.266772265386028
676 0.07338834670154112 1.268648965038452
677 0.07272564707321909 1.270525664690876
678 0.07212755781870017 1.2724023643433
679 0.07140860983134543 1.274279063995723
680 0.07087378565679379 1.276155763648147
681 0.07033294430696617 1.278032463300571
682 0.06970698865760298 1.279909162952995
683 0.06888632489282494 1.281785862605418
684 0.06799040347919365 1.283662562257842
685 0.0671384648199766 1.285539261910266
686 0.06615433111722462 1.28741596156269
687 0.06539421209470295 1.289292661215113
688 0.06476429489614231 1.291169360867537
689 0.06408187984835036 1.293046060519961
690 0.06318150270209398 1.294922760172385
691 0.0620619029385527 1.296799459824808
692 0.06096570943100236 1.298676159477232
693 0.06002240926004538 1.300552859129656
694 0.05938426423407323 1.30242955878208
695 0.05914984149787283 1.304306258434504
696 0.05922317454641675 1.306182958086927
697 0.05921737082995569 1.308059657739351
698 0.05880776942570633 1.309936357391775
699 0.0576194743684023 1.311813057044199
700 0.05597735636100805 1.313689756696622
701 0.05411215680304244 1.315566456349046
702 0.05252197209046246 1.31744315600147
703 0.05143806706618105 1.319319855653894
704 0.05062517234071682 1.321196555306317
705 0.04998741252871566 1.323073254958741
706 0.04955871956128762 1.324949954611165
707 0.04915714476914404 1.326826654263589
708 0.04879348804431708 1.328703353916012
709 0.04845618778547055 1.330580053568436
710 0.04822770064943365 1.33245675322086
711 0.04801863502057529 1.334333452873284
712 0.04766669732323017 1.336210152525708
713 0.04733463266892796 1.338086852178131
714 0.04653790303772314 1.339963551830555
715 0.04565657344040796 1.341840251482979
716 0.04460816222252319 1.343716951135403
717 0.04361851451337845 1.345593650787826
718 0.04267545271943406 1.34747035044025
719 0.04169647879673438 1.349347050092674
720 0.04050049257018385 1.351223749745098
721 0.03916144317343068 1.353100449397521
722 0.03780855161046256 1.354977149049945
723 0.036525715931593 1.356853848702369
724 0.03511574396034459 1.358730548354793
725 0.03358254528821857 1.360607248007216
726 0.03179053550791177 1.36248394765964
727 0.0300833006130702 1.364360647312064
728 0.02845166390355422 1.366237346964488
729 0.0274080047973888 1.368114046616911
730 0.02698950554765758 1.369990746269335
731 0.02723985640782585 1.371867445921759
732 0.02769388004713057 1.373744145574183
733 0.02771609279124627 1.375620845226607
734 0.02673634222731539 1.37749754487903
735 0.02480715012739531 1.379374244531454
736 0.02243861019771099 1.381250944183878
737 0.02025334170053855 1.383127643836302
738 0.01878907633778163 1.385004343488725
739 0.01785189904013735 1.386881043141149
740 0.01739696102224588 1.388757742793573
741 0.01722178223964286 1.390634442445997
742 0.01729227330803745 1.39251114209842
743 0.0175827250796421 1.394387841750844
744 0.01813407548168878 1.396264541403268
745 0.0185481509668559 1.398141241055692
746 0.01841657997298692 1.400017940708115
747 0.01759333410329338 1.401894640360539
748 0.01635754212455085 1.403771340012963
749 0.01505936909695138 1.405648039665387
750 0.01399149216953757 1.407524739317811
751 0.01312720941939027 1.409401438970234
752 0.01247537170212177 1.411278138622658
753 0.01164704808131185 1.413154838275082
754 0.01079971148728341 1.415031537927506
755 0.009794356464887419 1.416908237579929
756 0.008763643689128971 1.418784937232353
757 0.007818370010112905 1.420661636884777
758 0.007117910010240764 1.422538336537201
759 0.006745462990855165 1.424415036189624
760 0.00698379293712429 1.426291735842048
761 0.00732039136406797 1.428168435494472
762 0.007207345044204397 1.430045135146896
763 0.005946376287412698 1.431921834799319
764 0.003623383635133239 1.433798534451743
765 0.0008217712877153409 1.435675234104167
766 -0.001946266515488737 1.437551933756591
767 -0.004293142451435273 1.439428633409015
768 -0.005908883539801455 1.441305333061438
769 -0.007200954215085119 1.443182032713862
770 -0.008042016176606277 1.445058732366286
771 -0.008500966520116573 1.44693543201871
772 -0.008555235221701735 1.448812131671133
773 -0.008257418371332016 1.450688831323557
774 -0.008134980408437957 1.452565530975981
775 -0.0084350145023038 1.454442230628405
776 -0.009423726487635828 1.456318930280828
777 -0.01073405707050558 1.458195629933252
778 -0.01202228327814764 1.460072329585676
779 -0.01298602420354025 1.4619490292381
780 -0.01357950739767524 1.463825728890523
781 -0.01399931508706123 1.465702428542947
782 -0.01427444717646792 1.467579128195371
783 -0.01450100625594216 1.469455827847795
784 -0.01451152056114366 1.471332527500218
785 -0.01440355875532381 1.473209227152642
786 -0.01435233086836082 1.475085926805066
787 -0.01467258116802445 1.47696262645749
788 -0.01548847719649188 1.478839326109914
789 -0.01678099068928204 1.480716025762337
790 -0.01834141861309226 1.482592725414761
791 -0.02002308846621079 1.484469425067185
792 -0.02160379393105516 1.486346124719609
793 -0.02307111549632222 1.488222824372032
794 -0.02433450487951639 1.490099524024456
795 -0.02548249341480777 1.49197622367688
796 -0.02642895581749101 1.493852923329304
797 -0.02713790124967837 1.495729622981727
798 -0.02767504491448461 1.497606322634151
799 -0.02797784056873662 1.499483022286575
800 -0.02806176087393428 1.501359721938999
801 -0.02801189826694675 1.503236421591422
802 -0.02777876134708931 1.505113121243846
803 -0.02736168000206083 1.50698982089627
804 -0.02683982990518483 1.508866520548694
805 -0.02623576429996955 1.510743220201118
806 -0.02554265556332937 1.512619919853541
807 -0.02480751855169918 1.514496619505965
808 -0.02404577707953024 1.516373319158389
809 -0.02327155198253718 1.518250018810813
810 -0.02250128679314351 1.520126718463236
811 -0.02175456582488177 1.52200341811566
812 -0.02102522233769658 1.523880117768084
813 -0.0202982877879069 1.525756817420508
814 -0.01955754062516956 1.527633517072931
815 -0.0187983480283453 1.529510216725355
816 -0.01803064212112596 1.531386916377779
817 -0.01727264099328601 1.533263616030203
818 -0.0165382043662578 1.535140315682626
819 -0.01583110088337645 1.53701701533505
820 -0.01514424068685722 1.538893714987474
821 -0.01447743133101816 1.540770414639898
822 -0.01383773596319305 1.542647114292321
823 -0.01322552716923956 1.544523813944745
824 -0.01263031835700163 1.546400513597169
825 -0.01205421629068511 1.548277213249593
826 -0.01148520711156321 1.550153912902017
827 -0.01092417263300595 1.55203061255444
828 -0.01038412457622219 1.553907312206864
829 -0.009857845593129277 1.555784011859288
830 -0.009346004575124136 1.557660711511712
831 -0.008844415182983808 1.559537411164135
832 -0.00836390052682596 1.561414110816559
833 -0.007892319507115358 1.563290810468983
834 -0.007426807572194401 1.565167510121407
835 -0.006964808216531825 1.56704420977383
836 -0.006505920737781094 1.568920909426254
837 -0.006052319908224388 1.570797609078678
838 -0.005602274344739461 1.572674308731102
839 -0.005151253679522893 1.574551008383525
840 -0.004698440549709604 1.576427708035949
841 -0.004236745360665835 1.578304407688373
842 -0.003768577684025675 1.580181107340797
843 -0.003283371803762571 1.582057806993221
844 -0.002779400427954317 1.583934506645644
845 -0.002264934902843912 1.585811206298068
846 -0.001753466262956606 1.587687905950492
847 -0.001243085608943199 1.589564605602916
848 -0.0007273733220858965 1.591441305255339
849 -0.0001927451034551458 1.593318004907763
850 0.0003752997250722653 1.595194704560187
851 0.000968942413203601 1.597071404212611
852 0.001590341914383709 1.598948103865034
853 0.002238815954482621 1.600824803517458
854 0.002916126456522821 1.602701503169882
855 0.003611495906546598 1.604578202822306
856 0.004317886753899024 1.606454902474729
857 0.005033830179175571 1.608331602127153
858 0.005767568771571752 1.610208301779577
859 0.006526213747588422 1.612085001432001
860 0.007312228758300463 1.613961701084424
861 0.008120469774253763 1.615838400736848
862 0.008948038678286377 1.617715100389272
863 0.009796923405087681 1.619591800041696
864 0.01066110979209863 1.62146849969412
865 0.01153424443448948 1.623345199346543
866 0.01240921356767258 1.625221898998967
867 0.01329130108727686 1.627098598651391
868 0.01418188978449061 1.628975298303815
869 0.01507368980543323 1.630851997956238
870 0.0159640402248672 1.632728697608662
871 0.01685043300240884 1.634605397261086
872 0.01772471301749381 1.63648209691351
873 0.01857870486327493 1.638358796565933
874 0.01941232870467266 1.640235496218357
875 0.02021838284874154 1.642112195870781
876 0.02099475521730288 1.643988895523205
877 0.02174541149291001 1.645865595175628
878 0.02247888060246368 1.647742294828052
879 0.02318710280475514 1.649618994480476
880 0.02387169376827325 1.6514956941329
881 0.02454051070512882 1.653372393785324
882 0.0251814056952041 1.655249093437747
883 0.0258041918980018 1.657125793090171
884 0.02642089503841115 1.659002492742595
885 0.02702521784219249 1.660879192395019
886 0.02762600607159474 1.662755892047442
887 0.0282237990225434 1.664632591699866
888 0.02880500466260202 1.66650929135229
889 0.02936265369589158 1.668385991004714
890 0.02988594753133458 1.670262690657137
891 0.03038248943262088 1.672139390309561
892 0.03086724174498586 1.674016089961985
893 0.03133362187398451 1.675892789614409
894 0.03177275348655206 1.677769489266832
895 0.03218568613638888 1.679646188919256
896 0.03257687836800755 1.68152288857168
897 0.03293604176097527 1.683399588224104
898 0.03322926097495986 1.685276287876528
899 0.03352591507021209 1.687152987528951
900 0.033827650092713 1.689029687181375
901 0.03415450079133234 1.690906386833799
902 0.03450543609499429 1.692783086486223
903 0.03486313432608146 1.694659786138646
904 0.03520742189070775 1.69653648579107
905 0.03554934659206432 1.698413185443494
906 0.03590273094107999 1.700289885095918
907 0.036266601406984 1.702166584748341
908 0.03663774853439862 1.704043284400765
909 0.03701510639235121 1.705919984053189
910 0.03739372656890131 1.707796683705613
911 0.03777057904294438 1.709673383358036
912 0.03813293583097883 1.71155008301046
913 0.03847609648372139 1.713426782662884
914 0.0388050852673764 1.715303482315308
915 0.03911661353563778 1.717180181967731
916 0.03939755909957798 1.719056881620155
917 0.039645050429337 1.720933581272579
918 0.03987456775760636 1.722810280925003
919 0.04008688238464003 1.724686980577427
920 0.04029061737670504 1.72656368022985
921 0.04047436525233437 1.728440379882274
922 0.04063627144592983 1.730317079534698
923 0.04077629420401434 1.732193779187122
924 0.04089896361148811 1.734070478839545
925 0.04099940881078272 1.735947178491969
926 0.04107625589743562 1.737823878144393
927 0.04113545488007565 1.739700577796817
928 0.04117419567740647 1.74157727744924
929 0.04118841367461331 1.743453977101664
930 0.04117255739305326 1.745330676754088
931 0.04112944243589574 1.747207376406512
932 0.04105060798284237 1.749084076058935
933 0.04093304163827759 1.750960775711359
934 0.04077466725359891 1.752837475363783
935 0.04058873608002984 1.754714175016207
936 0.04038754685033149 1.756590874668631
937 0.04016607191796998 1.758467574321054
938 0.03992084196818397 1.760344273973478
939 0.03968781354632678 1.762220973625902
940 0.0394445209609768 1.764097673278326
941 0.03919823552432149 1.765974372930749
942 0.0389153618541642 1.767851072583173
943 0.03863508840838678 1.769727772235597
944 0.0383678015801722 1.771604471888021
945 0.03811076752750329 1.773481171540444
946 0.0378515998405296 1.775357871192868
947 0.0375866850740143 1.777234570845292
948 0.03732570805711657 1.779111270497716
949 0.03706271570195804 1.780987970150139
950 0.03679543410691202 1.782864669802563
951 0.03651804843617847 1.784741369454987
952 0.03622104641351193 1.786618069107411
953 0.03591710361787717 1.788494768759834
954 0.03560043418711863 1.790371468412258
955 0.03526573930116658 1.792248168064682
956 0.03492128145834627 1.794124867717106
957 0.03457108385933819 1.79600156736953
958 0.03421624448899611 1.797878267021953
959 0.0338466650277708 1.799754966674377
960 0.03344723396659668 1.801631666326801
961 0.03307136874697524 1.803508365979225
962 0.03271007509029503 1.805385065631648
963 0.03237076716118471 1.807261765284072
964 0.03203610576735517 1.809138464936496
965 0.03168963618602529 1.81101516458892
966 0.03133517080401945 1.812891864241343
967 0.03097882347311304 1.814768563893767
968 0.03062491673209002 1.816645263546191
969 0.03026781525243286 1.818521963198615
970 0.02990637177434411 1.820398662851038
971 0.02953220534687067 1.822275362503462
972 0.02913910949962548 1.824152062155886
973 0.0287210725865068 1.82602876180831
974 0.02827861854082543 1.827905461460734
975 0.02781311001520752 1.829782161113157
976 0.02732994418151824 1.831658860765581
977 0.02683396115459375 1.833535560418005
978 0.02632475233203964 1.835412260070429
979 0.0258133453226041 1.837288959722852
980 0.02530580243859022 1.839165659375276
981 0.02480056186396756 1.8410423590277
982 0.0243055778988164 1.842919058680124
983 0.02383068469969085 1.844795758332547
984 0.02336880543821769 1.846672457984971
985 0.0229187384528284 1.848549157637395
986 0.02247863552500671 1.850425857289819
987 0.02204787201244565 1.852302556942242
988 0.02161472439213202 1.854179256594666
989 0.02116164660746028 1.85605595624709
990 0.02073650931369296 1.857932655899514
991 0.02032687986590465 1.859809355551937
992 0.01994488346212637 1.861686055204361
993 0.01958242259969799 1.863562754856785
994 0.01922739932261473 1.865439454509209
995 0.01887198809275387 1.867316154161633
996 0.01852577434066886 1.869192853814056
997 0.01819247005032915 1.87106955346648
998 0.01786871889691309 1.872946253118904
999 0.01755039382583892 1.874822952771328
1000 0.01723652299868687 1.876699652423751
1001 0.0169241587230309 1.878576352076175
1002 0.01657520064377624 1.880453051728599
1003 0.01622663429661892 1.882329751381023
1004 0.0158922829650846 1.884206451033446
1005 0.0155769504431614 1.88608315068587
1006 0.01528875080431025 1.887959850338294
1007 0.01501382957214945 1.889836549990718
1008 0.01474260299773054 1.891713249643141
1009 0.0144720441665451 1.893589949295565
1010 0.01421007532551156 1.895466648947989
1011 0.01396944522796248 1.897343348600413
1012 0.0137543617929109 1.899220048252837
1013 0.01355747351637593 1.90109674790526
1014 0.01337880212223184 1.902973447557684
1015 0.01321887798750751 1.904850147210108
1016 0.01307749397884349 1.906726846862532
1017 0.01294868273616945 1.908603546514955
1018 0.0128308332066504 1.910480246167379
1019 0.01273296343064997 1.912356945819803
1020 0.01265510082915213 1.914233645472227
1021 0.01259390845944144 1.91611034512465
1022 0.01254723772616115 1.917987044777074
1023 0.01251917228445565 1.919863744429498
1024 0.01250079540857139 1.921740444081922
1025 0.01249143573067684 1.923617143734345
1026 0.01248419814217171 1.925493843386769
1027 0.01247264758072162 1.927370543039193
1028 0.01246323674675862 1.929247242691617
1029 0.01246785498295529 1.931123942344041
1030 0.01249013589192664 1.933000641996464
1031 0.01252386503372175 1.934877341648888
1032 0.01257183200245889 1.936754041301312
1033 0.01264262712251892 1.938630740953736
1034 0.01270120071134557 1.940507440606159
1035 0.01278684357902543 1.942384140258583
1036 0.01288128014439755 1.944260839911007
1037 0.01300218268186781 1.946137539563431
1038 0.01315517480049896 1.948014239215854
1039 0.01332915917367163 1.949890938868278
1040 0.01351630269859499 1.951767638520702
1041 0.01370869051469525 1.953644338173126
1042 0.01391617247063494 1.955521037825549
1043 0.01415419304215086 1.957397737477973
1044 0.01441929781341789 1.959274437130397
1045 0.0147017731783549 1.961151136782821
1046 0.01501505162441099 1.963027836435244
1047 0.01535089697476298 1.964904536087668
1048 0.01569647535167548 1.966781235740092
1049 0.01605668981101546 1.968657935392516
1050 0.01643423666496071 1.97053463504494
1051 0.01682877792513211 1.972411334697363
1052 0.01723424657792593 1.974288034349787
1053 0.0176485020500158 1.976164734002211
1054 0.01806438063882028 1.978041433654635
1055 0.01848383427472282 1.979918133307058
1056 0.01890749585034382 1.981794832959482
1057 0.01936250454330622 1.983671532611906
1058 0.0198375990843773 1.98554823226433
1059 0.02033984371642173 1.987424931916753
1060 0.02086074933602924 1.989301631569177
1061 0.02139187998171181 1.991178331221601
1062 0.02193072476149821 1.993055030874025
1063 0.02247856608049493 1.994931730526448
1064 0.02304038092857664 1.996808430178872
1065 0.0236366243744895 1.998685129831296
1066 0.02426785928406849 2.00056182948372
1067 0.0248999808153722 2.002438529136144
1068 0.02556191339189908 2.004315228788567
1069 0.02624680961620936 2.006191928440991
1070 0.02695092192693443 2.008068628093415
1071 0.02761991266675765 2.009945327745839
1072 0.02831066331044209 2.011822027398262
1073 0.02902387596887962 2.013698727050686
1074 0.02975459324516835 2.01557542670311
1075 0.03050198691305908 2.017452126355534
1076 0.03125936262892537 2.019328826007957
1077 0.03201877558820639 2.021205525660381
1078 0.03278559559153636 2.023082225312805
1079 0.0335640820922883 2.024958924965229
1080 0.03434234293214096 2.026835624617652
1081 0.03513154738488697 2.028712324270076
1082 0.03593324369305886 2.0305890239225
1083 0.03673184715345732 2.032465723574924
1084 0.03752907965571932 2.034342423227347
1085 0.03833083667063326 2.036219122879771
1086 0.03913123434198573 2.038095822532195
1087 0.0399309362513771 2.039972522184619
1088 0.04072330810402473 2.041849221837043
1089 0.04150815768444139 2.043725921489466
1090 0.04229965547664494 2.04560262114189
1091 0.04312572483806338 2.047479320794314
1092 0.04398588242429585 2.049356020446738
1093 0.04485513056600384 2.051232720099161
1094 0.04571895498707278 2.053109419751585
1095 0.04658114818403469 2.054986119404009
1096 0.04744324257975306 2.056862819056433
1097 0.04830921376985132 2.058739518708856
1098 0.04918417597777192 2.06061621836128
1099 0.05006990756446836 2.062492918013704
1100 0.05095131595554694 2.064369617666128
1101 0.05184105611861572 2.066246317318551
1102 0.05273539224008069 2.068123016970975
1103 0.05363282672213683 2.069999716623399
1104 0.05453485499811566 2.071876416275823
1105 0.05543449709273117 2.073753115928247
1106 0.05632731543628718 2.07562981558067
1107 0.0572255654863995 2.077506515233094
1108 0.05812149668962725 2.079383214885518
1109 0.05901043073503175 2.081259914537942
1110 0.05988998698686437 2.083136614190365
1111 0.06076319875859668 2.085013313842789
1112 0.06162847605850014 2.086890013495213
1113 0.06246957928726857 2.088766713147637
1114 0.0632620871032558 2.09064341280006
1115 0.06403034640557663 2.092520112452484
1116 0.06481804726671062 2.094396812104908
1117 0.06561751562248579 2.096273511757332
1118 0.06642810028694521 2.098150211409755
1119 0.06721930683812587 2.100026911062179
1120 0.06798880811907863 2.101903610714603
1121 0.06873299355052463 2.103780310367027
1122 0.06945776875700602 2.10565701001945
1123 0.07017444698233392 2.107533709671874
1124 0.07089920509226541 2.109410409324298
1125 0.07162219673994717 2.111287108976722
1126 0.07233673840022942 2.113163808629146
1127 0.07305022427033951 2.115040508281569
1128 0.07376432398379544 2.116917207933993
1129 0.07447652779300826 2.118793907586417
1130 0.0751859803951833 2.120670607238841
1131 0.07588531612503964 2.122547306891264
1132 0.07657897083485093 2.124424006543688
1133 0.07723626508932671 2.126300706196112
1134 0.07789137161585338 2.128177405848536
1135 0.07856007664246697 2.130054105500959
1136 0.07922905678769233 2.131930805153383
1137 0.07985127367747877 2.133807504805807
1138 0.08044342610252368 2.135684204458231
1139 0.08102396787499075 2.137560904110654
1140 0.08159611481678737 2.139437603763078
1141 0.08215237848121347 2.141314303415502
1142 0.08269504797764557 2.143191003067926
1143 0.08321831280014534 2.14506770272035
1144 0.08372133534735823 2.146944402372773
1145 0.08421336575460919 2.148821102025197
1146 0.08469143739410624 2.150697801677621
1147 0.08514267219956839 2.152574501330045
1148 0.08556975976989735 2.154451200982468
1149 0.08599027496541305 2.156327900634892
1150 0.08639292856833196 2.158204600287316
1151 0.08678211961673402 2.16008129993974
1152 0.08714652359250392 2.161957999592163
1153 0.08749433076997519 2.163834699244587
1154 0.08783606863402375 2.165711398897011
1155 0.08817347656856295 2.167588098549435
1156 0.08849734851374556 2.169464798201858
1157 0.08881136319995424 2.171341497854282
1158 0.08910457903775149 2.173218197506706
1159 0.08938427224460797 2.17509489715913
1160 0.0896329372604191 2.176971596811553
1161 0.08984820647147745 2.178848296463977
1162 0.09003241960901462 2.180724996116401
1163 0.0901968386416447 2.182601695768825
1164 0.0903312516421295 2.184478395421249
1165 0.09043317257562906 2.186355095073672
1166 0.09050186428047938 2.188231794726096
1167 0.09053328995406475 2.19010849437852
1168 0.09054463458365634 2.191985194030944
1169 0.09054397619154657 2.193861893683367
1170 0.09053087906905224 2.195738593335791
1171 0.09050366676995426 2.197615292988215
1172 0.09046648085858866 2.199491992640639
1173 0.0904293168780257 2.201368692293062
1174 0.09039312090086815 2.203245391945486
1175 0.0903462419876819 2.20512209159791
1176 0.09026934364890689 2.206998791250334
1177 0.09016243461706072 2.208875490902757
1178 0.0900264557508134 2.210752190555181
1179 0.08987986591350873 2.212628890207605
1180 0.08971865421879797 2.214505589860029
1181 0.08953329445897679 2.216382289512453
1182 0.0893189322533012 2.218258989164876
1183 0.08907269919236049 2.2201356888173
1184 0.08880037617137003 2.222012388469724
1185 0.08850620620091604 2.223889088122148
1186 0.08818685003087277 2.225765787774571
1187 0.08787204980223927 2.227642487426995
1188 0.08757820011836291 2.229519187079419
1189 0.08737610960796255 2.231395886731843
1190 0.0872401864222792 2.233272586384266
1191 0.08713378108389741 2.23514928603669
1192 0.08703464321185589 2.237025985689114
1193 0.08700677196514736 2.238902685341538
1194 0.08700347839676963 2.240779384993961
1195 0.08698567503377479 2.242656084646385
1196 0.08692698795867183 2.244532784298809
1197 0.08678947784635062 2.246409483951233
1198 0.08641016311590308 2.248286183603657
1199 0.08596338103202454 2.25016288325608
1200 0.08558057245989749 2.252039582908504
1201 0.08531275926640018 2.253916282560928
1202 0.08506349762053432 2.255792982213352
1203 0.08470412595892847 2.257669681865775
1204 0.08411599815138703 2.259546381518199
1205 0.08344211789111776 2.261423081170623
1206 0.08265284679566655 2.263299780823047
1207 0.08182772820518708 2.26517648047547
1208 0.08105130694483595 2.267053180127894
1209 0.08025573767109825 2.268929879780318
1210 0.07939340172060776 2.270806579432742
1211 0.07855136118000604 2.272683279085165
1212 0.07766795616664549 2.274559978737589
1213 0.07669299016662399 2.276436678390013
1214 0.0758099739778569 2.278313378042437
1215 0.07491903652240299 2.28019007769486
1216 0.07417369898509808 2.282066777347284
1217 0.07360006315186962 2.283943476999708
1218 0.07327944974580648 2.285820176652132
1219 0.07336825846977765 2.287696876304556
1220 0.0736671785640273 2.289573575956979
1221 0.07405232175866562 2.291450275609403
1222 0.07405231084896566 2.293326975261827
1223 0.07332799180873903 2.295203674914251
1224 0.07197738609630876 2.297080374566674
1225 0.0703919213880647 2.298957074219098
1226 0.06897736402750103 2.300833773871522
1227 0.06792478010035399 2.302710473523946
1228 0.0670165195485572 2.304587173176369
1229 0.06649382029636312 2.306463872828793
1230 0.06617683388771191 2.308340572481217
1231 0.06582132049544841 2.310217272133641
1232 0.06538269388222166 2.312093971786064
1233 0.06482665866668305 2.313970671438488
1234 0.06422867626350491 2.315847371090912
1235 0.06356751122615244 2.317724070743336
1236 0.06279522282889852 2.31960077039576
1237 0.06184386347425179 2.321477470048183
1238 0.06057188969280931 2.323354169700607
1239 0.05920658731303807 2.325230869353031
1240 0.05775553808477257 2.327107569005455
1241 0.05647756388758494 2.328984268657878
1242 0.05526271638956397 2.330860968310302
1243 0.05409708908220527 2.332737667962726
1244 0.05310864886145572 2.33461436761515
1245 0.0521675901831536 2.336491067267573
1246 0.0512944260255133 2.338367766919997
1247 0.05055775007402932 2.340244466572421
1248 0.04977832580654176 2.342121166224845
1249 0.04908025502324558 2.343997865877268
1250 0.04856925114210649 2.345874565529692
1251 0.04840710233172988 2.347751265182116
1252 0.04862444605360464 2.34962796483454
1253 0.04928649863870295 2.351504664486963
1254 0.04998313163698848 2.353381364139387
1255 0.05026207403222348 2.355258063791811
1256 0.04977615921850986 2.357134763444235
1257 0.04839286025517948 2.359011463096659
1258 0.04660797946237005 2.360888162749082
1259 0.04476863697682004 2.362764862401506
1260 0.04325755295990322 2.36464156205393
1261 0.0421855499752493 2.366518261706354
1262 0.04139539931862878 2.368394961358777
1263 0.04076216253504415 2.370271661011201
1264 0.04012413864715571 2.372148360663625
1265 0.0395228004415537 2.374025060316049
1266 0.03895185116577227 2.375901759968472
1267 0.0384379343569769 2.377778459620896
1268 0.03783627418943896 2.37965515927332
1269 0.03687654660904847 2.381531858925744
1270 0.03547706654899373 2.383408558578167
1271 0.03351960593836478 2.385285258230591
1272 0.03134544019303399 2.387161957883015
1273 0.0292136007162163 2.389038657535439
1274 0.02735282059865845 2.390915357187863
1275 0.02578044214569608 2.392792056840286
1276 0.0243810717002219 2.39466875649271
1277 0.02299467818190022 2.396545456145134
1278 0.02175816267433016 2.398422155797558
1279 0.02050632950244588 2.400298855449981
1280 0.01946882399514647 2.402175555102405
1281 0.01860448771322994 2.404052254754829
1282 0.01816122089239208 2.405928954407253
1283 0.01816365718155288 2.407805654059676
1284 0.01882634639510296 2.4096823537121
1285 0.02003505778196308 2.411559053364524
1286 0.02137207102880182 2.413435753016948
1287 0.02217749222380767 2.415312452669371
1288 0.02189701328882885 2.417189152321795
1289 0.02069974258126324 2.419065851974219
1290 0.01915487226449349 2.420942551626643
1291 0.01770536841236669 2.422819251279066
1292 0.01657540511769601 2.42469595093149
1293 0.01593233669426038 2.426572650583914
1294 0.01556975955108979 2.428449350236338
1295 0.01550767206972694 2.430326049888762
1296 0.01569934962396826 2.432202749541185
1297 0.01618816524180642 2.434079449193609
1298 0.01670228047109373 2.435956148846033
1299 0.01690042660198788 2.437832848498457
1300 0.01616602268112226 2.43970954815088
1301 0.01452345114199452 2.441586247803304
1302 0.01229515540998038 2.443462947455728
1303 0.01001944279662836 2.445339647108152
1304 0.008050269954799497 2.447216346760575
1305 0.006386288937941899 2.449093046412999
1306 0.004958545423675288 2.450969746065423
1307 0.003349513600419455 2.452846445717847
1308 0.001830228973337761 2.45472314537027
1309 0.0003755693754536621 2.456599845022694
1310 -0.0007771582664662907 2.458476544675118
1311 -0.001338225968240503 2.460353244327542
1312 -0.001252224712278041 2.462229943979966
1313 -0.0003679427756958163 2.464106643632389
1314 0.0008582115176078971 2.465983343284813
1315 0.001768861183897679 2.467860042937237
1316 0.001747729472647507 2.469736742589661
1317 0.0007812545899388684 2.471613442242084
1318 -0.0007239821296693952 2.473490141894508
1319 -0.002282385073127488 2.475366841546932
1320 -0.00336079519586018 2.477243541199356
1321 -0.003956377317623746 2.479120240851779
1322 -0.004131584452191505 2.480996940504203
1323 -0.004054355665494266 2.482873640156627
1324 -0.003768619118110673 2.484750339809051
1325 -0.00329613393600999 2.486627039461474
1326 -0.002824812879883839 2.488503739113898
1327 -0.002799020653095969 2.490380438766322
1328 -0.0035596151555228 2.492257138418746
1329 -0.00510386362362119 2.49413383807117
1330 -0.007112314196362566 2.496010537723593
1331 -0.009182747754975884 2.497887237376017
1332 -0.01102014863733236 2.499763937028441
1333 -0.01256327106964491 2.501640636680865
1334 -0.0138089760839212 2.503517336333288
1335 -0.01479250310080309 2.505394035985712
1336 -0.01540648997999946 2.507270735638136
1337 -0.01556021559340564 2.50914743529056
1338 -0.01537375437180845 2.511024134942983
1339 -0.01511017873294698 2.512900834595407
1340 -0.01498609828415485 2.514777534247831
1341 -0.01508463198447257 2.516654233900255
1342 -0.01535201966534317 2.518530933552678
1343 -0.01568752007650718 2.520407633205102
1344 -0.01596871073308502 2.522284332857526
1345 -0.01609772934944208 2.52416103250995
1346 -0.01605279862818052 2.526037732162373
1347 -0.01585866878133581 2.527914431814797
1348 -0.01556859784718567 2.529791131467221
1349 -0.01523407517303416 2.531667831119645
1350 -0.01486417081571315 2.533544530772069
1351 -0.01450023261947308 2.535421230424492
1352 -0.01408716312341909 2.537297930076916
1353 -0.01364803094627714 2.53917462972934
1354 -0.01320347085438001 2.541051329381764
1355 -0.01282406751811984 2.542928029034187
1356 -0.01257549555475425 2.544804728686611
1357 -0.01246772248218597 2.546681428339035
1358 -0.01244289363756095 2.548558127991459
1359 -0.01244085855533508 2.550434827643882
1360 -0.01244301076681342 2.552311527296306
1361 -0.01246021565882064 2.55418822694873
1362 -0.0125137746720643 2.556064926601154
1363 -0.01260003921644593 2.557941626253577
1364 -0.01270975550652513 2.559818325906001
1365 -0.01281371985063365 2.561695025558425
1366 -0.0128842592570798 2.563571725210849
1367 -0.01290180369343029 2.565448424863273
1368 -0.01287272368739076 2.567325124515696
1369 -0.01278554582857304 2.56920182416812
1370 -0.0126362419363041 2.571078523820544
1371 -0.01243860111967648 2.572955223472968
1372 -0.01217434371919209 2.574831923125391
1373 -0.01186371177959373 2.576708622777815
1374 -0.01153299498619722 2.578585322430239
1375 -0.01119773648892342 2.580462022082663
1376 -0.01084297136798553 2.582338721735086
1377 -0.01046697056665122 2.58421542138751
1378 -0.010078241140507 2.586092121039934
1379 -0.009679129421047438 2.587968820692358
1380 -0.009262869889132419 2.589845520344781
1381 -0.008823703943539112 2.591722219997205
1382 -0.008343620350901821 2.593598919649629
1383 -0.007815098861782315 2.595475619302053
1384 -0.00722728474359943 2.597352318954476
1385 -0.006572693672267075 2.5992290186069
1386 -0.005851043305656589 2.601105718259324
1387 -0.005061876520052933 2.602982417911748
1388 -0.004223447785708847 2.604859117564172
1389 -0.003341332217405977 2.606735817216595
1390 -0.002433556548554453 2.608612516869019
1391 -0.001509199663198454 2.610489216521443
1392 -0.0005663765834810729 2.612365916173867
1393 0.0003768550097087342 2.61424261582629
1394 0.001308909554254166 2.616119315478714
1395 0.002220156159886944 2.617996015131138
1396 0.003109917360062362 2.619872714783562
1397 0.003983038014397878 2.621749414435985
1398 0.004847129811085973 2.623626114088409
1399 0.005701392266678568 2.625502813740833
1400 0.006543329292335504 2.627379513393257
1401 0.007370622723854961 2.62925621304568
1402 0.00819075387671204 2.631132912698104
1403 0.00900389336458378 2.633009612350528
1404 0.009801709630381593 2.634886312002952
1405 0.01058384632458299 2.636763011655376
1406 0.01135076421122727 2.638639711307799
1407 0.01210360675482636 2.640516410960223
1408 0.01283871264566415 2.642393110612647
1409 0.01355006733298959 2.644269810265071
1410 0.01424191183005711 2.646146509917494
1411 0.01492492994945707 2.648023209569918
1412 0.01559894922440331 2.649899909222342
1413 0.01624898990660101 2.651776608874766
1414 0.01687153337739461 2.653653308527189
1415 0.01747652773721761 2.655530008179613
1416 0.01808725326224514 2.657406707832037
1417 0.01870248164640608 2.659283407484461
1418 0.01932930713336501 2.661160107136884
1419 0.01995872538207097 2.663036806789308
1420 0.02060453648130223 2.664913506441732
1421 0.02125818092842683 2.666790206094156
1422 0.021918181521895 2.668666905746579
1423 0.02258351724622732 2.670543605399003
1424 0.02324967757807232 2.672420305051427
1425 0.02390083677025731 2.674297004703851
1426 0.02454426989422975 2.676173704356275
1427 0.02518702420500497 2.678050404008698
1428 0.02582382504290141 2.679927103661122
1429 0.0264475090024256 2.681803803313546
1430 0.02704506391189433 2.68368050296597
1431 0.02759497043635009 2.685557202618393
1432 0.02813830859060101 2.687433902270817
1433 0.02866395001692207 2.689310601923241
1434 0.02919726091346285 2.691187301575665
1435 0.02974016901508806 2.693064001228088
1436 0.03028752927547983 2.694940700880512
1437 0.0308268700932068 2.696817400532936
1438 0.03135090946007657 2.69869410018536
1439 0.03186785184849149 2.700570799837783
1440 0.03238180316038585 2.702447499490207
1441 0.03289169807678331 2.704324199142631
1442 0.03338909189818238 2.706200898795055
1443 0.03387639944649919 2.708077598447479
1444 0.03435259675983157 2.709954298099902
1445 0.03480800824821775 2.711830997752326
1446 0.03524206533099326 2.71370769740475
1447 0.03565401003468124 2.715584397057174
1448 0.0360341792651165 2.717461096709597
1449 0.03640829766450019 2.719337796362021
1450 0.03677867422181778 2.721214496014445
1451 0.03715218953457129 2.723091195666869
1452 0.03752929903748092 2.724967895319292
1453 0.03789657408614499 2.726844594971716
1454 0.03825117968519437 2.72872129462414
1455 0.03859294814486457 2.730597994276564
1456 0.03892150634670879 2.732474693928987
1457 0.03923801874088857 2.734351393581411
1458 0.03954144915235977 2.736228093233835
1459 0.0398265474000365 2.738104792886259
1460 0.04008714567240403 2.739981492538683
1461 0.04032216627246585 2.741858192191106
1462 0.04052318363667802 2.74373489184353
1463 0.04068641693229095 2.745611591495954
1464 0.04081426574553986 2.747488291148378
1465 0.04090455552451031 2.749364990800801
1466 0.04095448422999728 2.751241690453225
1467 0.04096493670508775 2.753118390105649
1468 0.04093860687031345 2.754995089758073
1469 0.04090325982784431 2.756871789410496
1470 0.04085839416999191 2.75874848906292
1471 0.04080492593204933 2.760625188715344
1472 0.04071320116054915 2.762501888367768
1473 0.04059823650248189 2.764378588020191
1474 0.04047535240450596 2.766255287672615
1475 0.04035157327853748 2.768131987325039
1476 0.04022512706042771 2.770008686977463
1477 0.04009799961297665 2.771885386629886
1478 0.03996677843948721 2.77376208628231
1479 0.03984005550608936 2.775638785934734
1480 0.03970726927146505 2.777515485587158
1481 0.03956196018794472 2.779392185239582
1482 0.03939988165074547 2.781268884892005
1483 0.03921410368261942 2.783145584544429
1484 0.03901230161648294 2.785022284196853
1485 0.03879240557322801 2.786898983849277
1486 0.03855333799560751 2.7887756835017
1487 0.03830159922241622 2.790652383154124
1488 0.03803663940043683 2.792529082806548
1489 0.03774693265699838 2.794405782458972
1490 0.03745481108574054 2.796282482111395
1491 0.03716767583039866 2.798159181763819
1492 0.03686873838552109 2.800035881416243
1493 0.03659034688185511 2.801912581068667
1494 0.03629842860265375 2.80378928072109
1495 0.03600446922336033 2.805665980373514
1496 0.03571149539239585 2.807542680025938
1497 0.03541385481380833 2.809419379678362
1498 0.03510961372780935 2.811296079330786
1499 0.03479986075801186 2.813172778983209
1500 0.03449040763592372 2.815049478635633
1501 0.03417761084267553 2.816926178288057
1502 0.0338549174808681 2.818802877940481
1503 0.03351947022128341 2.820679577592904
1504 0.03316902115486607 2.822556277245328
1505 0.03280432773070349 2.824432976897752
1506 0.03242487330658678 2.826309676550176
1507 0.03203096968620943 2.828186376202599
1508 0.03162973835199186 2.830063075855023
1509 0.03122411611941254 2.831939775507447
1510 0.03081737022061732 2.833816475159871
1511 0.0304120435852725 2.835693174812294
1512 0.02999832041984616 2.837569874464718
1513 0.02954980093962597 2.839446574117142
1514 0.02911376424742669 2.841323273769566
1515 0.02868577126828633 2.843199973421989
1516 0.02828525869451428 2.845076673074413
1517 0.02789713929412822 2.846953372726837
1518 0.02750205933318044 2.848830072379261
1519 0.02710407100568329 2.850706772031685
1520 0.02670777723813674 2.852583471684108
1521 0.02632027078042419 2.854460171336532
1522 0.02593675527927575 2.856336870988956
1523 0.02555539188000552 2.85821357064138
1524 0.02516374063115707 2.860090270293803
1525 0.02475636657507312 2.861966969946227
1526 0.02433071502946974 2.863843669598651
1527 0.02388348634609629 2.865720369251075
1528 0.02342041298207735 2.867597068903498
1529 0.02294834955344664 2.869473768555922
1530 0.02247184312735371 2.871350468208346
1531 0.02199901462803222 2.87322716786077
1532 0.0215287673564504 2.875103867513193
1533 0.02106800813069812 2.876980567165617
1534 0.02061614787146631 2.878857266818041
1535 0.02017484418915055 2.880733966470465
1536 0.01975480712824285 2.882610666122889
1537 0.01935650057503198 2.884487365775312
1538 0.01897099863750982 2.886364065427736
1539 0.01859658236610716 2.88824076508016
1540 0.01823095502715974 2.890117464732584
1541 0.01787420581690644 2.891994164385007
1542 0.01750848001586645 2.893870864037431
1543 0.01713858353229614 2.895747563689855
1544 0.01680274617347582 2.897624263342279
1545 0.01648594620421696 2.899500962994702
1546 0.01619103059309018 2.901377662647126
1547 0.01591239825592155 2.90325436229955
1548 0.01564785391082087 2.905131061951974
1549 0.01539020156877598 2.907007761604397
1550 0.01514956392944028 2.908884461256821
1551 0.01491719560694717 2.910761160909245
1552 0.01469034323527708 2.912637860561669
1553 0.01446583550119344 2.914514560214092
1554 0.0142102154786529 2.916391259866516
1555 0.01395424135675348 2.91826795951894
1556 0.01371772457852458 2.920144659171364
1557 0.01350009839168296 2.922021358823788
1558 0.01331739716386547 2.923898058476211
1559 0.01315286489917195 2.925774758128635
1560 0.01299423675577307 2.927651457781059
1561 0.01284372153525898 2.929528157433483
1562 0.0127040164158532 2.931404857085906
1563 0.0125786250140323 2.93328155673833
1564 0.01247644295652305 2.935158256390754
1565 0.01239822402524209 2.937034956043178
1566 0.01233700058983096 2.938911655695601
1567 0.01229673238507033 2.940788355348025
1568 0.01227198045793072 2.942665055000449
1569 0.01226519699911462 2.944541754652873
1570 0.01227265677815364 2.946418454305296
1571 0.01229189544081754 2.94829515395772
1572 0.01233405798868714 2.950171853610144
1573 0.01240226486272857 2.952048553262568
1574 0.01248817665524386 2.953925252914992
1575 0.01258930721932578 2.955801952567415
1576 0.01269945023883105 2.957678652219839
1577 0.01281543650109248 2.959555351872263
1578 0.01293192747667938 2.961432051524687
1579 0.01305577273143095 2.96330875117711
1580 0.0131936524602394 2.965185450829534
1581 0.01334899903886837 2.967062150481958
1582 0.01351014403304692 2.968938850134382
1583 0.01368010520134968 2.970815549786805
1584 0.01383472460014815 2.972692249439229
1585 0.01400190622707502 2.974568949091653
1586 0.01416707704824816 2.976445648744077
1587 0.01434705393494104 2.9783223483965
1588 0.0145707490074491 2.980199048048924
1589 0.01482164906606616 2.982075747701348
1590 0.0150893107485701 2.983952447353772
1591 0.01536723586708397 2.985829147006196
1592 0.01565634861660344 2.987705846658619
1593 0.01597272092835968 2.989582546311043
1594 0.01631703325710298 2.991459245963467
1595 0.01668012096490465 2.993335945615891
1596 0.01706203591579517 2.995212645268314
1597 0.01746896655507248 2.997089344920738
1598 0.01789691151463603 2.998966044573162
1599 0.01834306221781544 3.000842744225586
1600 0.01881656483760673 3.002719443878009
1601 0.01929904050061059 3.004596143530433
1602 0.01979309331490204 3.006472843182857
1603 0.02031197817358015 3.008349542835281
1604 0.02085304356353373 3.010226242487704
1605 0.02141131018314339 3.012102942140128
1606 0.02200230222188889 3.013979641792552
1607 0.0226118934724662 3.015856341444976
1608 0.02323447292978334 3.017733041097399
1609 0.02387745880235373 3.019609740749823
1610 0.02453480682965702 3.021486440402247
1611 0.02520354720400315 3.023363140054671
1612 0.02589406382305471 3.025239839707095
1613 0.02658308963658772 3.027116539359518
1614 0.02722311074745072 3.028993239011942
1615 0.02786786295834686 3.030869938664366
1616 0.02853426521592231 3.03274663831679
1617 0.02921878552988326 3.034623337969213
1618 0.02993196349260213 3.036500037621637
1619 0.03067453363184547 3.038376737274061
1620 0.03143066820017872 3.040253436926485
